2024-12-30 05:05:54.519633+0800 0x2d6      Activity    0x178a3              144    0    bluetoothd: (TCC) TCCAccessRequest() IPC
2024-12-30 05:05:54.519641+0800 0x2d6      Activity    0x178a4              144    0    bluetoothd: (TCC) TCCAccessRequest() IPC
2024-12-30 05:05:54.519668+0800 0x2d6      Default     0x16e83              144    0    bluetoothd: (SPOwner) [com.apple.icloud.SPOwner:_] BluetoothState: 4
2024-12-30 05:05:54.519671+0800 0x2d6      Default     0x16e83              144    0    bluetoothd: (SPOwner) [com.apple.icloud.SPOwner:beaconManager] SPBeaconManager: SPBLEStateMonitor Delegate: didChangeState [2]
2024-12-30 05:05:54.519700+0800 0xaf25     Default     0x16e83              144    0    bluetoothd: [com.apple.bluetooth:Server.App] No delayed connection
2024-12-30 05:05:54.519702+0800 0xaf25     Default     0x16e83              144    0    bluetoothd: [com.apple.bluetooth:Server.XPC] Power state changed. PowerState:0 managerState:4 fUserAuthorization: 0	 medicalDeviceorStateRestorationAppPendingTCC:0
2024-12-30 05:05:54.519704+0800 0xaf25     Default     0x16e83              144    0    bluetoothd: [com.apple.bluetooth:Server.XPC] Sending 'state updated' event with state "Off" to session "com.apple.tipsd-central-901-29"
2024-12-30 05:05:54.519706+0800 0xaf25     Default     0x16e83              144    0    bluetoothd: [com.apple.bluetooth:Server.XPC] Sending XPC message "CBMsgIdStateUpdated" to session "com.apple.tipsd-central-901-29"
2024-12-30 05:05:54.519797+0800 0xaf25     Default     0x16e83              144    0    bluetoothd: [com.apple.bluetooth:Server.App] Clear all state for classic session "com.apple.wifivelocityd"
2024-12-30 05:05:54.519799+0800 0xaf25     Default     0x16e83              144    0    bluetoothd: [com.apple.bluetooth:Server.XPC] Sending 'power updated' event with state "4" to session "com.apple.wifivelocityd-classic-517-39"
2024-12-30 05:05:54.519801+0800 0xaf25     Default     0x16e83              144    0    bluetoothd: [com.apple.bluetooth:Server.XPC] Sending 'state updated' event with state "Off" to session "com.apple.wifivelocityd-classic-517-39"
2024-12-30 05:05:54.519814+0800 0xaf25     Default     0x16e83              144    0    bluetoothd: [com.apple.bluetooth:Server.XPC] Sending XPC message "CBClassicMsgIdStateUpdated" to session "com.apple.wifivelocityd-classic-517-39"
2024-12-30 05:05:54.519926+0800 0xaf25     Default     0x16e83              144    0    bluetoothd: [com.apple.bluetooth:Server.App] Clear all state for peripheral session "com.apple.BTLEServerAgent"
2024-12-30 05:05:54.519928+0800 0xaf25     Default     0x16e83              144    0    bluetoothd: [com.apple.bluetooth:Server.XPC] Power state changed. PowerState:0 managerState:4 fUserAuthorization: 0	 medicalDeviceorStateRestorationAppPendingTCC:0
2024-12-30 05:05:54.519930+0800 0xaf25     Default     0x16e83              144    0    bluetoothd: [com.apple.bluetooth:Server.XPC] Sending 'state updated' event with state "Off" to session "com.apple.BTLEServerAgent-peripheral-1277-37"
2024-12-30 05:05:54.519932+0800 0xaf25     Default     0x16e83              144    0    bluetoothd: [com.apple.bluetooth:Server.XPC] Sending XPC message "CBMsgIdStateUpdated" to session "com.apple.BTLEServerAgent-peripheral-1277-37"
2024-12-30 05:05:54.519957+0800 0xaf25     Default     0x16e83              144    0    bluetoothd: [com.apple.bluetooth:Server.App] No delayed connection
2024-12-30 05:05:54.519958+0800 0xaf25     Default     0x16e83              144    0    bluetoothd: [com.apple.bluetooth:Server.XPC] Power state changed. PowerState:0 managerState:4 fUserAuthorization: 0	 medicalDeviceorStateRestorationAppPendingTCC:0
2024-12-30 05:05:54.519960+0800 0xaf25     Default     0x16e83              144    0    bluetoothd: [com.apple.bluetooth:Server.XPC] Sending 'state updated' event with state "Off" to session "com.apple.UserEventAgent-central-364-19"
2024-12-30 05:05:54.519961+0800 0xaf25     Default     0x16e83              144    0    bluetoothd: [com.apple.bluetooth:Server.XPC] Sending XPC message "CBMsgIdStateUpdated" to session "com.apple.UserEventAgent-central-364-19"
2024-12-30 05:05:54.520039+0800 0xaf25     Default     0x16e83              144    0    bluetoothd: [com.apple.bluetooth:Server.App] Clear all state for peripheral session "com.apple.bluetoothd"
2024-12-30 05:05:54.520044+0800 0xaf25     Default     0x16e83              144    0    bluetoothd: [com.apple.bluetooth:Server.LE.Advertise] Received 'stop advertising' request from session "com.apple.bluetoothd-peripheral-144-6"
2024-12-30 05:05:54.520106+0800 0xaf25     Default     0x16e83              144    0    bluetoothd: [com.apple.bluetooth:Server.Core] BT Stats for metric '<private>' sent to CoreAnalytics with result 0
2024-12-30 05:05:54.520117+0800 0xaf25     Default     0x16e83              144    0    bluetoothd: [com.apple.bluetooth:Server.XPC] Power state changed. PowerState:0 managerState:4 fUserAuthorization: 0	 medicalDeviceorStateRestorationAppPendingTCC:0
2024-12-30 05:05:54.520119+0800 0xaf25     Default     0x16e83              144    0    bluetoothd: [com.apple.bluetooth:Server.XPC] Sending 'state updated' event with state "Off" to session "com.apple.bluetoothd-peripheral-144-6"
2024-12-30 05:05:54.520120+0800 0xaf25     Default     0x16e83              144    0    bluetoothd: [com.apple.bluetooth:Server.XPC] Sending XPC message "CBMsgIdStateUpdated" to session "com.apple.bluetoothd-peripheral-144-6"
2024-12-30 05:05:54.520141+0800 0xaf25     Default     0x16e83              144    0    bluetoothd: [com.apple.bluetooth:Server.App] No delayed connection
2024-12-30 05:05:54.520143+0800 0xaf25     Default     0x16e83              144    0    bluetoothd: [com.apple.bluetooth:Server.XPC] Power state changed. PowerState:0 managerState:4 fUserAuthorization: 0	 medicalDeviceorStateRestorationAppPendingTCC:0
2024-12-30 05:05:54.520144+0800 0xaf25     Default     0x16e83              144    0    bluetoothd: [com.apple.bluetooth:Server.XPC] Sending 'state updated' event with state "Off" to session "com.apple.bluetoothd-central-144-12"
2024-12-30 05:05:54.520145+0800 0xaf25     Default     0x16e83              144    0    bluetoothd: [com.apple.bluetooth:Server.XPC] Sending XPC message "CBMsgIdStateUpdated" to session "com.apple.bluetoothd-central-144-12"
2024-12-30 05:05:54.520157+0800 0xaf25     Default     0x16e83              144    0    bluetoothd: [com.apple.bluetooth:Server.App] No delayed connection
2024-12-30 05:05:54.520158+0800 0xaf25     Default     0x16e83              144    0    bluetoothd: [com.apple.bluetooth:Server.XPC] Power state changed. PowerState:0 managerState:4 fUserAuthorization: 0	 medicalDeviceorStateRestorationAppPendingTCC:0
2024-12-30 05:05:54.520159+0800 0xaf25     Default     0x16e83              144    0    bluetoothd: [com.apple.bluetooth:Server.XPC] Sending 'state updated' event with state "Off" to session "com.apple.bluetoothd-central-144-9"
2024-12-30 05:05:54.520161+0800 0xaf25     Default     0x16e83              144    0    bluetoothd: [com.apple.bluetooth:Server.XPC] Sending XPC message "CBMsgIdStateUpdated" to session "com.apple.bluetoothd-central-144-9"
2024-12-30 05:05:54.520172+0800 0xaf25     Default     0x16e83              144    0    bluetoothd: [com.apple.bluetooth:Server.App] Clear all state for classic session "com.apple.UserEventAgent"
2024-12-30 05:05:54.520174+0800 0xaf25     Default     0x16e83              144    0    bluetoothd: [com.apple.bluetooth:Server.XPC] Sending 'power updated' event with state "4" to session "com.apple.UserEventAgent-classic-364-18"
2024-12-30 05:05:54.520175+0800 0xaf25     Default     0x16e83              144    0    bluetoothd: [com.apple.bluetooth:Server.XPC] Sending 'state updated' event with state "Off" to session "com.apple.UserEventAgent-classic-364-18"
2024-12-30 05:05:54.520176+0800 0xaf25     Default     0x16e83              144    0    bluetoothd: [com.apple.bluetooth:Server.XPC] Sending XPC message "CBClassicMsgIdStateUpdated" to session "com.apple.UserEventAgent-classic-364-18"
2024-12-30 05:05:54.520191+0800 0xaf25     Default     0x16e83              144    0    bluetoothd: [com.apple.bluetooth:Server.App] No delayed connection
2024-12-30 05:05:54.520192+0800 0xaf25     Default     0x16e83              144    0    bluetoothd: [com.apple.bluetooth:Server.XPC] Power state changed. PowerState:0 managerState:4 fUserAuthorization: 0	 medicalDeviceorStateRestorationAppPendingTCC:0
2024-12-30 05:05:54.520193+0800 0xaf25     Default     0x16e83              144    0    bluetoothd: [com.apple.bluetooth:Server.XPC] Sending 'state updated' event with state "Off" to session "com.apple.wifivelocityd-central-517-40"
2024-12-30 05:05:54.520194+0800 0xaf25     Default     0x16e83              144    0    bluetoothd: [com.apple.bluetooth:Server.XPC] Sending XPC message "CBMsgIdStateUpdated" to session "com.apple.wifivelocityd-central-517-40"
2024-12-30 05:05:54.520207+0800 0xaf25     Default     0x16e83              144    0    bluetoothd: [com.apple.bluetooth:Server.App] Clear all state for peripheral session "com.apple.nearbyd"
2024-12-30 05:05:54.520208+0800 0xaf25     Default     0x16e83              144    0    bluetoothd: [com.apple.bluetooth:Server.XPC] Power state changed. PowerState:0 managerState:4 fUserAuthorization: 0	 medicalDeviceorStateRestorationAppPendingTCC:0
2024-12-30 05:05:54.520209+0800 0xaf25     Default     0x16e83              144    0    bluetoothd: [com.apple.bluetooth:Server.XPC] Sending 'state updated' event with state "Off" to session "com.apple.nearbyd-peripheral-394-20"
2024-12-30 05:05:54.520210+0800 0xaf25     Default     0x16e83              144    0    bluetoothd: [com.apple.bluetooth:Server.XPC] Sending XPC message "CBMsgIdStateUpdated" to session "com.apple.nearbyd-peripheral-394-20"
2024-12-30 05:05:54.520241+0800 0xaf25     Default     0x16e83              144    0    bluetoothd: [com.apple.bluetooth:Server.App] Clear all state for peripheral session "com.apple.rapportd"
2024-12-30 05:05:54.520242+0800 0xaf25     Default     0x16e83              144    0    bluetoothd: [com.apple.bluetooth:Server.XPC] Power state changed. PowerState:0 managerState:4 fUserAuthorization: 0	 medicalDeviceorStateRestorationAppPendingTCC:0
2024-12-30 05:05:54.520244+0800 0xaf25     Default     0x16e83              144    0    bluetoothd: [com.apple.bluetooth:Server.XPC] Sending 'state updated' event with state "Off" to session "com.apple.rapportd-peripheral-380-23"
2024-12-30 05:05:54.520246+0800 0xaf25     Default     0x16e83              144    0    bluetoothd: [com.apple.bluetooth:Server.XPC] Sending XPC message "CBMsgIdStateUpdated" to session "com.apple.rapportd-peripheral-380-23"
2024-12-30 05:05:54.520292+0800 0xa9f2     Default     0x16e83              144    0    bluetoothd: [com.apple.bluetooth:Server.XPC] Sending XPC message "kCBMsgIdLocalDeviceStatusEvent" to session "com.apple.AirPlayXPCHelper-MBF-148-17"
2024-12-30 05:05:54.520293+0800 0xadbe     Default     0x16e83              144    0    bluetoothd: (WPDaemon) [com.apple.bluetooth:WirelessProximity] Stop scanning for process sharingd (438) with scan request of type 16, blob: {length = 22, bytes = 0x00000000000000000000000000000000000000000000}, mask {length = 22, bytes = 0x00000000000000000000000000000000000000000000}, active: 0, duplicates: 1, screen on: 300, screen off: 300, locked: 1,  rssi: -80, peers: (
2024-12-30 05:05:54.520319+0800 0xaf25     Default     0x16e83              144    0    bluetoothd: [com.apple.bluetooth:Server.App] No delayed connection
2024-12-30 05:05:54.520320+0800 0xaf25     Default     0x16e83              144    0    bluetoothd: [com.apple.bluetooth:Server.XPC] Power state changed. PowerState:0 managerState:4 fUserAuthorization: 0	 medicalDeviceorStateRestorationAppPendingTCC:0
2024-12-30 05:05:54.520329+0800 0xaf25     Default     0x16e83              144    0    bluetoothd: [com.apple.bluetooth:Server.XPC] Sending 'state updated' event with state "Off" to session "com.apple.bluetoothd-central-144-5"
2024-12-30 05:05:54.520333+0800 0xaf25     Default     0x16e83              144    0    bluetoothd: [com.apple.bluetooth:Server.XPC] Sending XPC message "CBMsgIdStateUpdated" to session "com.apple.bluetoothd-central-144-5"
2024-12-30 05:05:54.520347+0800 0xaf25     Default     0x16e83              144    0    bluetoothd: [com.apple.bluetooth:Server.App] Clear all state for peripheral session "com.apple.bluetoothd"
2024-12-30 05:05:54.520349+0800 0xaf25     Default     0x16e83              144    0    bluetoothd: [com.apple.bluetooth:Server.XPC] Power state changed. PowerState:0 managerState:4 fUserAuthorization: 0	 medicalDeviceorStateRestorationAppPendingTCC:0
2024-12-30 05:05:54.520351+0800 0xaf25     Default     0x16e83              144    0    bluetoothd: [com.apple.bluetooth:Server.XPC] Sending 'state updated' event with state "Off" to session "com.apple.bluetoothd-peripheral-144-8"
2024-12-30 05:05:54.520352+0800 0xaf25     Default     0x16e83              144    0    bluetoothd: [com.apple.bluetooth:Server.XPC] Sending XPC message "CBMsgIdStateUpdated" to session "com.apple.bluetoothd-peripheral-144-8"
2024-12-30 05:05:54.520361+0800 0xadbe     Default     0x16e83              144    0    bluetoothd: (WPDaemon) [com.apple.bluetooth:WirelessProximity] Removing scan request scan request of type 16, blob: {length = 22, bytes = 0x00000000000000000000000000000000000000000000}, mask {length = 22, bytes = 0x00000000000000000000000000000000000000000000}, active: 0, duplicates: 1, screen on: 300, screen off: 300, locked: 1,  rssi: -80, peers: (
2024-12-30 05:05:54.520366+0800 0xaf25     Default     0x16e83              144    0    bluetoothd: [com.apple.bluetooth:Server.App] No delayed connection
2024-12-30 05:05:54.520367+0800 0xaf25     Default     0x16e83              144    0    bluetoothd: [com.apple.bluetooth:Server.XPC] Power state changed. PowerState:0 managerState:4 fUserAuthorization: 0	 medicalDeviceorStateRestorationAppPendingTCC:0
2024-12-30 05:05:54.520368+0800 0xaf25     Default     0x16e83              144    0    bluetoothd: [com.apple.bluetooth:Server.XPC] Sending 'state updated' event with state "Off" to session "com.apple.icloud.searchpartyuseragent-central-1269-34"
2024-12-30 05:05:54.520368+0800 0xadbe     Default     0x16e83              144    0    bluetoothd: (WPDaemon) [com.apple.bluetooth:WirelessProximity] Trying to update scanner but Daemon central manager isn't powered on
2024-12-30 05:05:54.520369+0800 0xaf25     Default     0x16e83              144    0    bluetoothd: [com.apple.bluetooth:Server.XPC] Sending XPC message "CBMsgIdStateUpdated" to session "com.apple.icloud.searchpartyuseragent-central-1269-34"
2024-12-30 05:05:54.520385+0800 0xaf25     Default     0x16e83              144    0    bluetoothd: [com.apple.bluetooth:Server.App] No delayed connection
2024-12-30 05:05:54.520386+0800 0xaf25     Default     0x16e83              144    0    bluetoothd: [com.apple.bluetooth:Server.XPC] Power state changed. PowerState:0 managerState:4 fUserAuthorization: 0	 medicalDeviceorStateRestorationAppPendingTCC:0
2024-12-30 05:05:54.520387+0800 0xaf25     Default     0x16e83              144    0    bluetoothd: [com.apple.bluetooth:Server.XPC] Sending 'state updated' event with state "Off" to session "com.apple.icloud.searchpartyuseragent-central-1269-35"
2024-12-30 05:05:54.520389+0800 0xaf25     Default     0x16e83              144    0    bluetoothd: [com.apple.bluetooth:Server.XPC] Sending XPC message "CBMsgIdStateUpdated" to session "com.apple.icloud.searchpartyuseragent-central-1269-35"
2024-12-30 05:05:54.520402+0800 0xaf25     Default     0x16e83              144    0    bluetoothd: [com.apple.bluetooth:Server.App] Clear all state for classic session "com.apple.PerfPowerServices"
2024-12-30 05:05:54.520404+0800 0xaf25     Default     0x16e83              144    0    bluetoothd: [com.apple.bluetooth:Server.XPC] Sending 'power updated' event with state "4" to session "com.apple.PerfPowerServices-classic-137-15"
2024-12-30 05:05:54.520405+0800 0xa9f2     Default     0x16e83              144    0    bluetoothd: [com.apple.bluetooth:Server.XPC] Sending XPC message "kCBMsgIdLocalDeviceStatusEvent" to session "com.apple.coreservices.useractivityd-MBF-465-21"
2024-12-30 05:05:54.520405+0800 0xaf25     Default     0x16e83              144    0    bluetoothd: [com.apple.bluetooth:Server.XPC] Sending 'state updated' event with state "Off" to session "com.apple.PerfPowerServices-classic-137-15"
2024-12-30 05:05:54.520407+0800 0xaf25     Default     0x16e83              144    0    bluetoothd: [com.apple.bluetooth:Server.XPC] Sending XPC message "CBClassicMsgIdStateUpdated" to session "com.apple.PerfPowerServices-classic-137-15"
2024-12-30 05:05:54.520426+0800 0xadbe     Default     0x16e83              144    0    bluetoothd: (WPDaemon) [com.apple.bluetooth:WirelessProximity] ObjectDiscovery Start advertising for process bluetoothd (144) of type 18 with advertising interval 3200 (2000.00 ms)
2024-12-30 05:05:54.520441+0800 0xadbe     Default     0x16e83              144    0    bluetoothd: (WPDaemon) [com.apple.bluetooth:WirelessProximity] ObjectDiscovery updated advertising options: <private>
2024-12-30 05:05:54.520443+0800 0xadbe     Default     0x16e83              144    0    bluetoothd: (WPDaemon) [com.apple.bluetooth:WirelessProximity] ObjectDiscovery advertising data has changed: YES
2024-12-30 05:05:54.520446+0800 0xadbe     Error       0x16e83              144    0    bluetoothd: (WPDaemon) [com.apple.bluetooth:WirelessProximity] ObjectDiscovery -[WPDObjectDiscoveryManager updateAdvertiser] updated with error: Trying to update advertiser but peripheral manager isn't powered on
2024-12-30 05:05:54.520450+0800 0xadbe     Error       0x16e83              144    0    bluetoothd: (WPDaemon) [com.apple.bluetooth:WirelessProximity] Trying to update advertiser but peripheral manager isn't powered on
2024-12-30 05:05:54.520453+0800 0xaf25     Default     0x16e83              144    0    bluetoothd: [com.apple.bluetooth:Server.App] No delayed connection
2024-12-30 05:05:54.520454+0800 0xaf25     Default     0x16e83              144    0    bluetoothd: [com.apple.bluetooth:Server.XPC] Power state changed. PowerState:0 managerState:4 fUserAuthorization: 0	 medicalDeviceorStateRestorationAppPendingTCC:0
2024-12-30 05:05:54.520456+0800 0xaf25     Default     0x16e83              144    0    bluetoothd: [com.apple.bluetooth:Server.XPC] Sending 'state updated' event with state "Off" to session "com.apple.icloud.searchpartyd-central-294-3"
2024-12-30 05:05:54.520457+0800 0xaf25     Default     0x16e83              144    0    bluetoothd: [com.apple.bluetooth:Server.XPC] Sending XPC message "CBMsgIdStateUpdated" to session "com.apple.icloud.searchpartyd-central-294-3"
2024-12-30 05:05:54.520476+0800 0xadbe     Error       0x16e83              144    0    bluetoothd: (WPDaemon) [com.apple.bluetooth:WirelessProximity] ObjectDiscovery Advertising failed to start with error: Error Domain=WPErrorDomain Code=26 "Trying to update advertiser but peripheral manager isn't powered on" UserInfo={NSLocalizedDescription=Trying to update advertiser but peripheral manager isn't powered on}
2024-12-30 05:05:54.520479+0800 0xadbe     Error       0x16e83              144    0    bluetoothd: (WPDaemon) [com.apple.bluetooth:WirelessProximity] Advertising failed to start for client <private> type 18 with error: Trying to update advertiser but peripheral manager isn't powered on
2024-12-30 05:05:54.520536+0800 0xadbe     Default     0x16e83              144    0    bluetoothd: (WPDaemon) [com.apple.bluetooth:WirelessProximity] Stop scanning for process studentd (617) with scan request of type 2, blob: {length = 22, bytes = 0x00000000000000000000000000000000000000000000}, mask {length = 22, bytes = 0x00000000000000000000000000000000000000000000}, active: 0, duplicates: 1, screen on: 300, screen off: 300, locked: 1,  rssi: -90, peers: (
2024-12-30 05:05:54.520589+0800 0xadbe     Default     0x16e83              144    0    bluetoothd: (WPDaemon) [com.apple.bluetooth:WirelessProximity] Removing scan request scan request of type 2, blob: {length = 22, bytes = 0x00000000000000000000000000000000000000000000}, mask {length = 22, bytes = 0x00000000000000000000000000000000000000000000}, active: 0, duplicates: 1, screen on: 300, screen off: 300, locked: 1,  rssi: -90, peers: (
2024-12-30 05:05:54.520637+0800 0xaf25     Default     0x16e83              144    0    bluetoothd: [com.apple.bluetooth:Server.App] Clear all state for peripheral session "com.apple.bluetoothd"
2024-12-30 05:05:54.520650+0800 0xa9f2     Default     0x16e83              144    0    bluetoothd: [com.apple.bluetooth:Server.XPC] Sending XPC message "kCBMsgIdLocalDeviceStatusEvent" to session "com.apple.ContextStoreAgent-MBF-392-25"
2024-12-30 05:05:54.520682+0800 0x99ae     Activity    0x178a5              144    0    bluetoothd: (SPOwner) SPBeaconManager: notifyNearbyTokensChangedBlockWithCompletion:
2024-12-30 05:05:54.522345+0800 0x9afa     Default     0x16e83              144    0    bluetoothd: [com.apple.bluetooth:Server.Core] PowerManager power state is 0
2024-12-30 05:05:54.522461+0800 0xafd9     Activity    0x178a6              144    0    bluetoothd: (TCC) TCCAccessRequest() IPC
2024-12-30 05:05:54.522485+0800 0xafc9     Default     0x17f7a              157    7    runningboardd: (RunningBoard) [com.apple.runningboard:ttl] Invalidating assertion 157-95-2201 (target:[osservice<com.apple.bluetoothd>:144]) from originator [osservice<com.apple.powerd>:95]
2024-12-30 05:05:54.522808+0800 0xadbe     Default     0x16e83              144    0    bluetoothd: (WPDaemon) [com.apple.bluetooth:WirelessProximity] Trying to update scanner but Daemon central manager isn't powered on
2024-12-30 05:05:54.522833+0800 0xaf25     Default     0x16e83              144    0    bluetoothd: [com.apple.bluetooth:Server.XPC] Power state changed. PowerState:0 managerState:4 fUserAuthorization: 0	 medicalDeviceorStateRestorationAppPendingTCC:0
2024-12-30 05:05:54.522839+0800 0xaf25     Default     0x16e83              144    0    bluetoothd: [com.apple.bluetooth:Server.XPC] Sending 'state updated' event with state "Off" to session "com.apple.bluetoothd-peripheral-144-11"
2024-12-30 05:05:54.522842+0800 0xaf25     Default     0x16e83              144    0    bluetoothd: [com.apple.bluetooth:Server.XPC] Sending XPC message "CBMsgIdStateUpdated" to session "com.apple.bluetoothd-peripheral-144-11"
2024-12-30 05:05:54.522877+0800 0x99ae     Default     0x178a5              144    0    bluetoothd: (SPOwner) [com.apple.icloud.SPOwner:beaconManager] SPBeaconManager: SPI: -[SPBeaconManager notifyNearbyTokensChangedBlockWithCompletion:]_block_invoke
2024-12-30 05:05:54.522886+0800 0x99ae     Activity    0x178a7              144    0    bluetoothd: (SPOwner) SPBeaconManager: notifyBeaconingKeysChangedBlockWithCompletion:
2024-12-30 05:05:54.522888+0800 0x99ae     Default     0x178a7              144    0    bluetoothd: (SPOwner) [com.apple.icloud.SPOwner:beaconManager] SPBeaconManager: SPI: -[SPBeaconManager notifyBeaconingKeysChangedBlockWithCompletion:]_block_invoke
2024-12-30 05:05:54.522998+0800 0xaf25     Default     0x16e83              144    0    bluetoothd: [com.apple.bluetooth:Server.App] No delayed connection
2024-12-30 05:05:54.523000+0800 0xaf25     Default     0x16e83              144    0    bluetoothd: [com.apple.bluetooth:Server.XPC] Power state changed. PowerState:0 managerState:4 fUserAuthorization: 0	 medicalDeviceorStateRestorationAppPendingTCC:0
2024-12-30 05:05:54.523002+0800 0xaf25     Default     0x16e83              144    0    bluetoothd: [com.apple.bluetooth:Server.XPC] Sending 'state updated' event with state "Off" to session "com.apple.PerfPowerServices-central-137-16"
2024-12-30 05:05:54.523004+0800 0xaf25     Default     0x16e83              144    0    bluetoothd: [com.apple.bluetooth:Server.XPC] Sending XPC message "CBMsgIdStateUpdated" to session "com.apple.PerfPowerServices-central-137-16"
2024-12-30 05:05:54.523030+0800 0xaf25     Default     0x16e83              144    0    bluetoothd: [com.apple.bluetooth:Server.App] No delayed connection
2024-12-30 05:05:54.523032+0800 0xaf25     Default     0x16e83              144    0    bluetoothd: [com.apple.bluetooth:Server.XPC] Power state changed. PowerState:0 managerState:4 fUserAuthorization: 1	 medicalDeviceorStateRestorationAppPendingTCC:0
2024-12-30 05:05:54.523033+0800 0xaf25     Default     0x16e83              144    0    bluetoothd: [com.apple.bluetooth:Server.XPC] Sending 'state updated' event with state "Off" to session "eu.exelban.Stats-central-647-26"
2024-12-30 05:05:54.523037+0800 0xaf25     Default     0x16e83              144    0    bluetoothd: [com.apple.bluetooth:Server.XPC] Sending XPC message "CBMsgIdStateUpdated" to session "eu.exelban.Stats-central-647-26"
2024-12-30 05:05:54.523063+0800 0xaf25     Default     0x16e83              144    0    bluetoothd: [com.apple.bluetooth:Server.AppRestoration] Power toggled off, clearing state restoration data
2024-12-30 05:05:54.523089+0800 0xafd9     Activity    0x178a8              144    0    bluetoothd: (TCC) TCCAccessRequest() IPC
2024-12-30 05:05:54.523157+0800 0xadbe     Default     0x16e83              144    0    bluetoothd: (WPDaemon) [com.apple.bluetooth:WirelessProximity] Stop scanning for process sharingd (438) with scan request of type 5, blob: {length = 22, bytes = 0x00000000000000000000000000000000000000000000}, mask {length = 22, bytes = 0x00000000000000000000000000000000000000000000}, active: 0, duplicates: 0, screen on: 300, screen off: No Scan, locked: 1,  rssi: -80, peers: (
2024-12-30 05:05:54.523186+0800 0xafd9     Default     0x16e83              144    0    bluetoothd: (SPOwner) [com.apple.icloud.SPOwner:CBPeripheralManagement] SPCBLeechScanner: handleStateChange: 0
2024-12-30 05:05:54.523188+0800 0xafd9     Default     0x16e83              144    0    bluetoothd: (SPOwner) [com.apple.icloud.SPOwner:CBPeripheralManagement] SPCBLeechScanner: enabled: 0 isScanning: 0
2024-12-30 05:05:54.523189+0800 0xafd9     Default     0x16e83              144    0    bluetoothd: (SPOwner) [com.apple.icloud.SPOwner:CBPeripheralManagement] SPCBLeechScanner: Do nothing -- scanner is already stopped (000)
2024-12-30 05:05:54.523221+0800 0xadbe     Default     0x16e83              144    0    bluetoothd: (WPDaemon) [com.apple.bluetooth:WirelessProximity] Removing scan request scan request of type 5, blob: {length = 22, bytes = 0x00000000000000000000000000000000000000000000}, mask {length = 22, bytes = 0x00000000000000000000000000000000000000000000}, active: 0, duplicates: 0, screen on: 300, screen off: No Scan, locked: 1,  rssi: -80, peers: (
2024-12-30 05:05:54.523228+0800 0xadbe     Default     0x16e83              144    0    bluetoothd: (WPDaemon) [com.apple.bluetooth:WirelessProximity] Trying to update scanner but Daemon central manager isn't powered on
2024-12-30 05:05:54.523262+0800 0xafd9     Activity    0x178a9              144    0    bluetoothd: (TCC) TCCAccessRequest() IPC
2024-12-30 05:05:54.523269+0800 0xafd9     Activity    0x178aa              144    0    bluetoothd: (TCC) TCCAccessRequest() IPC
2024-12-30 05:05:54.523277+0800 0xadbe     Activity    0x178ab              144    0    bluetoothd: (TCC) TCCAccessRequest() IPC
2024-12-30 05:05:54.523283+0800 0xadbe     Activity    0x178ac              144    0    bluetoothd: (TCC) TCCAccessRequest() IPC
2024-12-30 05:05:54.523289+0800 0xafd9     Default     0x16e83              144    0    bluetoothd: (SPOwner) [com.apple.icloud.SPOwner:offlineAdvertising] Sending bluetoothPowerStateUpdated(SPBluetoothPowerStateOff)
2024-12-30 05:05:54.523331+0800 0xadbe     Activity    0x178ad              144    0    bluetoothd: (TCC) TCCAccessRequest() IPC
2024-12-30 05:05:54.523336+0800 0xadbe     Activity    0x178ae              144    0    bluetoothd: (TCC) TCCAccessRequest() IPC
2024-12-30 05:05:54.523375+0800 0xa9f2     Default     0x16e83              144    0    bluetoothd: [com.apple.bluetooth:Server.XPC] Sending XPC message "kCBMsgIdLocalDeviceStatusEvent" to session "com.apple.tipsd-MBF-901-30"
2024-12-30 05:05:54.523511+0800 0xa9f2     Default     0x16e83              144    0    bluetoothd: [com.apple.bluetooth:Server.XPC] Sending XPC message "kCBMsgIdLocalDeviceStatusEvent" to session "com.apple.audio.toolbox.reporting.service-MBF-1037-32"
2024-12-30 05:05:54.523533+0800 0xadbe     Activity    0x178af              144    0    bluetoothd: (TCC) TCCAccessRequest() IPC
2024-12-30 05:05:54.523538+0800 0x9afa     Default     0x16e83              144    0    bluetoothd: [com.apple.bluetooth:Server.Core] Returning bluetooth power state: 0
2024-12-30 05:05:54.523540+0800 0xadbe     Activity    0x17fc0              144    0    bluetoothd: (TCC) TCCAccessRequest() IPC
2024-12-30 05:05:54.523572+0800 0xa9f2     Default     0x16e83              144    0    bluetoothd: [com.apple.bluetooth:Server.XPC] Sending XPC message "kCBMsgIdLocalDeviceStatusEvent" to session "com.apple.icloud.searchpartyuseragent-MBF-1269-36"
2024-12-30 05:05:54.523601+0800 0xadbe     Activity    0x17fc1              144    0    bluetoothd: (TCC) TCCAccessRequest() IPC
2024-12-30 05:05:54.523606+0800 0xadbe     Activity    0x17fc2              144    0    bluetoothd: (TCC) TCCAccessRequest() IPC
2024-12-30 05:05:54.523613+0800 0x9afa     Default     0x16e83              144    0    bluetoothd: [com.apple.bluetooth:Server.Core] PowerManager power state is 0
2024-12-30 05:05:54.523614+0800 0x9afa     Default     0x16e83              144    0    bluetoothd: [com.apple.bluetooth:Server.Core] Returning bluetooth power state: 0
2024-12-30 05:05:54.523691+0800 0xadbe     Default     0x16e83              144    0    bluetoothd: (WPDaemon) [com.apple.bluetooth:WirelessProximity] WPPM: unregisterEndpoint <private> for client <private> endpointsDict <private>
2024-12-30 05:05:54.523727+0800 0xadbe     Default     0x16e83              144    0    bluetoothd: (WPDaemon) [com.apple.bluetooth:WirelessProximity] WPPM: unregisterEndpoint: Current endpointsDict <private>
2024-12-30 05:05:54.523729+0800 0xadbe     Default     0x16e83              144    0    bluetoothd: (WPDaemon) [com.apple.bluetooth:WirelessProximity] unregisterEndpoint: <private>
2024-12-30 05:05:54.523774+0800 0xadbe     Default     0x16e83              144    0    bluetoothd: (WPDaemon) [com.apple.bluetooth:WirelessProximity] WPPM: unregisterEndpoint <private> for client <private> endpointsDict <private>
2024-12-30 05:05:54.523799+0800 0xadbe     Default     0x16e83              144    0    bluetoothd: (WPDaemon) [com.apple.bluetooth:WirelessProximity] WPPM: unregisterEndpoint: Current endpointsDict <private>
2024-12-30 05:05:54.523801+0800 0xadbe     Default     0x16e83              144    0    bluetoothd: (WPDaemon) [com.apple.bluetooth:WirelessProximity] unregisterEndpoint: <private>
2024-12-30 05:05:54.523925+0800 0xadbe     Default     0x16e83              144    0    bluetoothd: (WPDaemon) [com.apple.bluetooth:WirelessProximity] WPPM: unregisterEndpoint <private> for client <private> endpointsDict <private>
2024-12-30 05:05:54.523952+0800 0xadbe     Default     0x16e83              144    0    bluetoothd: (WPDaemon) [com.apple.bluetooth:WirelessProximity] WPPM: unregisterEndpoint: Current endpointsDict <private>
2024-12-30 05:05:54.523954+0800 0xadbe     Default     0x16e83              144    0    bluetoothd: (WPDaemon) [com.apple.bluetooth:WirelessProximity] unregisterEndpoint: <private>
2024-12-30 05:05:54.524011+0800 0xadbe     Default     0x16e83              144    0    bluetoothd: (WPDaemon) [com.apple.bluetooth:WirelessProximity] Stop scanning for process studentd (617) with scan request of type 2, blob: {length = 0, bytes = 0x}, mask {length = 0, bytes = 0x}, active: 0, duplicates: 0, screen on: No Scan, screen off: No Scan, locked: 1,  rssi: -90, peers: (
2024-12-30 05:05:54.524021+0800 0xadbe     Default     0x16e83              144    0    bluetoothd: (WPDaemon) [com.apple.bluetooth:WirelessProximity] Trying to stop scanning for a type 2 we don't scan for
2024-12-30 05:05:54.524091+0800 0xadbe     Default     0x16e83              144    0    bluetoothd: [com.apple.bluetooth:Server.XPC] Received XPC message "CBLePipeMsgIdRemoveEndpoint" from session "com.apple.bluetoothd-scalablePipe-144-7"
2024-12-30 05:05:54.524637+0800 0xaf25     Error       0x16e83              144    0    bluetoothd: [com.apple.bluetooth:Server.MacCacheMigrator] Mac Cache Migrator Received PowerStateChanged
2024-12-30 05:05:54.524641+0800 0xaf25     Default     0x16e83              144    0    bluetoothd: [com.apple.bluetooth:Server.Core] [MacUserClient][SetBTPDTrap] -- entering -- HIDShim
2024-12-30 05:05:54.525622+0800 0x99ae     Error       0x178a7              144    0    bluetoothd: (IOKit) IOPMAssertionCreateWithProperties: io_pm_assertion_create failed with error 0xe00002c1
2024-12-30 05:05:54.525625+0800 0xafda     Default     0x16e83              144    0    bluetoothd: [com.apple.bluetooth:Server.LE.Advertise] Stack is not started, updateAdvertisement returning
2024-12-30 05:05:54.525632+0800 0x99ae     Default     0x178a7              144    0    bluetoothd: (SPOwner) [com.apple.icloud.SPOwner:powerManagement] IOPMAssertionCreateWithProperties <private> failed with error: (-536870207)
2024-12-30 05:05:54.525679+0800 0xafda     Default     0x16e83              144    0    bluetoothd: (CoreUtils) [com.apple.bluetooth:CBStackBLEScanner] SensorTracking stop all
2024-12-30 05:05:54.525681+0800 0xafda     Error       0x16e83              144    0    bluetoothd: [com.apple.bluetooth:SensorTracking] stopTrackingForSession: sensor tracking is not supported on this platform
2024-12-30 05:05:54.525683+0800 0xafda     Default     0x16e83              144    0    bluetoothd: [com.apple.bluetooth:Server.Core] Detach session: 0x7f974d135b80, session handle: 0x93b50000
2024-12-30 05:05:54.525685+0800 0xafda     Default     0x16e83              144    0    bluetoothd: [com.apple.bluetooth:Server.Core] Sending 'session detached' event for session "CBDaemon-0xD992004F"
2024-12-30 05:05:54.525732+0800 0xafda     Default     0x16e83              144    0    bluetoothd: [com.apple.bluetooth:Server.Core] Erasing session 0x7f974d135b80 from SessionMap for "CBDaemon-0xD992004F"
2024-12-30 05:05:54.525742+0800 0xafda     Default     0x16e83              144    0    bluetoothd: [com.apple.bluetooth:Server.LE.Advertise] Stack is not started, updateAdvertisement returning
2024-12-30 05:05:54.526103+0800 0xadbe     Default     0x16e83              144    0    bluetoothd: [com.apple.bluetooth:Server.ScalablePipe] Unregistering endpoint "nearby" on session "com.apple.bluetoothd-scalablePipe-144-7"
2024-12-30 05:05:54.526136+0800 0xadbe     Default     0x16e83              144    0    bluetoothd: [com.apple.bluetooth:Server.XPC] Sending XPC message "CBLePipeMsgIdEndpointRemoved" to session "com.apple.bluetoothd-scalablePipe-144-7"
2024-12-30 05:05:54.526348+0800 0xafda     Default     0x16e83              144    0    bluetoothd: [com.apple.bluetooth:Server.XPC] Sending 'state updated' event with state "Off" to session "com.apple.bluetoothd-scalablePipe-144-7"
2024-12-30 05:05:54.526351+0800 0xafda     Default     0x16e83              144    0    bluetoothd: [com.apple.bluetooth:Server.XPC] Sending XPC message "CBLePipeMsgIdStateUpdated" to session "com.apple.bluetoothd-scalablePipe-144-7"
2024-12-30 05:05:54.526374+0800 0xafda     Default     0x16e83              144    0    bluetoothd: [com.apple.bluetooth:Server.XPC] Sending 'state updated' event with state "Off" to session "com.apple.BTLEServerAgent-scalablePipe-1277-38"
2024-12-30 05:05:54.526375+0800 0xafda     Default     0x16e83              144    0    bluetoothd: [com.apple.bluetooth:Server.XPC] Sending XPC message "CBLePipeMsgIdStateUpdated" to session "com.apple.BTLEServerAgent-scalablePipe-1277-38"
2024-12-30 05:05:54.526522+0800 0xadbe     Default     0x16e83              144    0    bluetoothd: [com.apple.bluetooth:Server.Core] PowerManager power state is 0
2024-12-30 05:05:54.526523+0800 0xadbe     Default     0x16e83              144    0    bluetoothd: [com.apple.bluetooth:Server.Core] Returning bluetooth power state: 0
2024-12-30 05:05:54.526554+0800 0xadbe     Default     0x16e83              144    0    bluetoothd: [com.apple.bluetooth:Server.XPC] Received XPC message "CBLePipeMsgIdRemoveEndpoint" from session "com.apple.bluetoothd-scalablePipe-144-7"
2024-12-30 05:05:54.526565+0800 0xadbe     Default     0x16e83              144    0    bluetoothd: [com.apple.bluetooth:Server.ScalablePipe] Unregistering endpoint "wp.continuity" on session "com.apple.bluetoothd-scalablePipe-144-7"
2024-12-30 05:05:54.526571+0800 0xadbe     Default     0x16e83              144    0    bluetoothd: [com.apple.bluetooth:Server.XPC] Sending XPC message "CBLePipeMsgIdEndpointRemoved" to session "com.apple.bluetoothd-scalablePipe-144-7"
2024-12-30 05:05:54.526619+0800 0xadbe     Default     0x16e83              144    0    bluetoothd: [com.apple.bluetooth:Server.XPC] Received XPC message "CBLePipeMsgIdRemoveEndpoint" from session "com.apple.bluetoothd-scalablePipe-144-7"
2024-12-30 05:05:54.526626+0800 0xadbe     Default     0x16e83              144    0    bluetoothd: [com.apple.bluetooth:Server.ScalablePipe] Unregistering endpoint "wp.nearby" on session "com.apple.bluetoothd-scalablePipe-144-7"
2024-12-30 05:05:54.526630+0800 0xadbe     Default     0x16e83              144    0    bluetoothd: [com.apple.bluetooth:Server.XPC] Sending XPC message "CBLePipeMsgIdEndpointRemoved" to session "com.apple.bluetoothd-scalablePipe-144-7"
2024-12-30 05:05:54.527104+0800 0x9afa     Default     0x16e83              144    0    bluetoothd: [com.apple.bluetooth:Server.Core] PowerManager power state is 0
2024-12-30 05:05:54.527104+0800 0x9afa     Default     0x16e83              144    0    bluetoothd: [com.apple.bluetooth:Server.Core] Returning bluetooth power state: 0
2024-12-30 05:05:54.527275+0800 0x9afa     Default     0x16e83              144    0    bluetoothd: [com.apple.bluetooth:Server.Core] PowerManager power state is 0
2024-12-30 05:05:54.527276+0800 0x9afa     Default     0x16e83              144    0    bluetoothd: [com.apple.bluetooth:Server.Core] Returning bluetooth power state: 0
2024-12-30 05:05:54.527417+0800 0x9afa     Default     0x16e83              144    0    bluetoothd: [com.apple.bluetooth:Server.Core] PowerManager power state is 0
2024-12-30 05:05:54.527417+0800 0x9afa     Default     0x16e83              144    0    bluetoothd: [com.apple.bluetooth:Server.Core] Returning bluetooth power state: 0
2024-12-30 05:05:54.527571+0800 0x9afa     Default     0x16e83              144    0    bluetoothd: [com.apple.bluetooth:Server.Core] PowerManager power state is 0
2024-12-30 05:05:54.527571+0800 0x9afa     Default     0x16e83              144    0    bluetoothd: [com.apple.bluetooth:Server.Core] Returning bluetooth power state: 0
2024-12-30 05:05:54.527613+0800 0x9afa     Default     0x16e83              144    0    bluetoothd: [com.apple.bluetooth:Server.Core] PowerManager power state is 0
2024-12-30 05:05:54.527613+0800 0x9afa     Default     0x16e83              144    0    bluetoothd: [com.apple.bluetooth:Server.Core] Returning bluetooth power state: 0
2024-12-30 05:05:54.527722+0800 0xadbe     Default     0x16e83              144    0    bluetoothd: (WPDaemon) [com.apple.bluetooth:WirelessProximity] WPPM: didUnregisterEndpoint <private>
2024-12-30 05:05:54.527757+0800 0xadbe     Activity    0x17fc3              144    0    bluetoothd: (TCC) TCCAccessRequest() IPC
2024-12-30 05:05:54.527770+0800 0xadbe     Activity    0x17fc4              144    0    bluetoothd: (TCC) TCCAccessRequest() IPC
2024-12-30 05:05:54.527827+0800 0xadbe     Default     0x16e83              144    0    bluetoothd: (WPDaemon) [com.apple.bluetooth:WirelessProximity] WPPM: didUnregisterEndpoint <private>
2024-12-30 05:05:54.527836+0800 0xadbe     Default     0x16e83              144    0    bluetoothd: (WPDaemon) [com.apple.bluetooth:WirelessProximity] WPPM: didUnregisterEndpoint <private>
2024-12-30 05:05:54.527860+0800 0x9afa     Default     0x178a7              144    0    bluetoothd: (SPOwner) [com.apple.icloud.SPOwner:beaconManager] Calling beaconingKeyChangedBlock with 5 .nearOwner keys.
2024-12-30 05:05:54.529043+0800 0xafda     Default     0x16e83              144    0    bluetoothd: [com.apple.bluetooth:Server.Core] PowerManager power state is 0
2024-12-30 05:05:54.529044+0800 0xafda     Default     0x16e83              144    0    bluetoothd: [com.apple.bluetooth:Server.Core] Returning bluetooth power state: 0
2024-12-30 05:05:54.529108+0800 0xafda     Default     0x16e83              144    0    bluetoothd: [com.apple.bluetooth:Server.XPC] Received XPC message "CBLePipeMsgIdRemoveEndpoint" from session "com.apple.BTLEServerAgent-scalablePipe-1277-38"
2024-12-30 05:05:54.529131+0800 0xafda     Default     0x16e83              144    0    bluetoothd: [com.apple.bluetooth:Server.ScalablePipe] Unregistering endpoint "com.apple.BTLEServer.classic" on session "com.apple.BTLEServerAgent-scalablePipe-1277-38"
2024-12-30 05:05:54.529139+0800 0xafda     Default     0x16e83              144    0    bluetoothd: [com.apple.bluetooth:Server.XPC] Sending XPC message "CBLePipeMsgIdEndpointRemoved" to session "com.apple.BTLEServerAgent-scalablePipe-1277-38"
2024-12-30 05:05:54.529192+0800 0xafda     Default     0x16e83              144    0    bluetoothd: [com.apple.bluetooth:Server.Core] PowerManager power state is 0
2024-12-30 05:05:54.529193+0800 0xafda     Default     0x16e83              144    0    bluetoothd: [com.apple.bluetooth:Server.Core] Returning bluetooth power state: 0
2024-12-30 05:05:54.529279+0800 0xafda     Default     0x16e83              144    0    bluetoothd: [com.apple.bluetooth:Server.Core] PowerManager power state is 0
2024-12-30 05:05:54.529279+0800 0xafda     Default     0x16e83              144    0    bluetoothd: [com.apple.bluetooth:Server.Core] Returning bluetooth power state: 0
2024-12-30 05:05:54.529320+0800 0xafda     Default     0x16e83              144    0    bluetoothd: [com.apple.bluetooth:Server.Core] PowerManager power state is 0
2024-12-30 05:05:54.529320+0800 0xafda     Default     0x16e83              144    0    bluetoothd: [com.apple.bluetooth:Server.Core] Returning bluetooth power state: 0
2024-12-30 05:05:54.529926+0800 0x9afa     Default     0x178a7              144    0    bluetoothd: (SPOwner) [com.apple.icloud.SPOwner:beaconManager]   key: <private> (2024-12-29T21:00:00Z - 2024-12-29T21:15:00Z)
2024-12-30 05:05:54.529973+0800 0xafd9     Default     0x16e83              144    0    bluetoothd: [com.apple.bluetooth:Server.Core] PowerManager power state is 0
2024-12-30 05:05:54.529973+0800 0xafd9     Default     0x16e83              144    0    bluetoothd: [com.apple.bluetooth:Server.Core] Returning bluetooth power state: 0
2024-12-30 05:05:54.530517+0800 0xadbe     Default     0x16e83              144    0    bluetoothd: [com.apple.bluetooth:Server.Core] PowerManager power state is 0
2024-12-30 05:05:54.530583+0800 0xadbe     Default     0x16e83              144    0    bluetoothd: (CoreUtils) [com.apple.bluetooth:CBDaemonXPCConnection] GetControllerInfo: , BlSt PoweredOff, DcsS Off, Chip BCM_4350, FrmV v134 c5628, VID: 0x004C, VIDS: Bluetooth, HCIT UART, InqS Off, LMPv 8 (4.2), SSrv: 0x382039 < HFP AVRCP A2DP HID Braille AACP GATT SerialPort >
2024-12-30 05:05:54.531381+0800 0xadbe     Default     0x16e83              144    0    bluetoothd: [com.apple.bluetooth:Server.Core] PowerManager power state is 0
2024-12-30 05:05:54.531381+0800 0xadbe     Default     0x16e83              144    0    bluetoothd: [com.apple.bluetooth:Server.Core] Returning bluetooth power state: 0
2024-12-30 05:05:54.531414+0800 0xadbe     Default     0x16e83              144    0    bluetoothd: [com.apple.bluetooth:Server.Core] PowerManager power state is 0
2024-12-30 05:05:54.531415+0800 0xadbe     Default     0x16e83              144    0    bluetoothd: [com.apple.bluetooth:Server.Core] Returning bluetooth power state: 0
2024-12-30 05:05:54.531443+0800 0xadbe     Default     0x16e83              144    0    bluetoothd: [com.apple.bluetooth:Server.Core] PowerManager power state is 0
2024-12-30 05:05:54.531443+0800 0xadbe     Default     0x16e83              144    0    bluetoothd: [com.apple.bluetooth:Server.Core] Returning bluetooth power state: 0
2024-12-30 05:05:54.531973+0800 0x9afa     Default     0x178a7              144    0    bluetoothd: (SPOwner) [com.apple.icloud.SPOwner:beaconManager]   key: <private> (2024-12-29T21:15:00Z - 2024-12-29T21:30:00Z)
2024-12-30 05:05:54.532724+0800 0xadbe     Default     0x16e83              144    0    bluetoothd: [com.apple.bluetooth:Server.Core] PowerManager power state is 0
2024-12-30 05:05:54.532811+0800 0xadbe     Default     0x16e83              144    0    bluetoothd: (CoreUtils) [com.apple.bluetooth:CBDaemonXPCConnection] GetControllerInfo: , BlSt PoweredOff, DcsS Off, Chip BCM_4350, FrmV v134 c5628, VID: 0x004C, VIDS: Bluetooth, HCIT UART, InqS Off, LMPv 8 (4.2), SSrv: 0x382039 < HFP AVRCP A2DP HID Braille AACP GATT SerialPort >
2024-12-30 05:05:54.533291+0800 0xadbe     Default     0x0                  144    0    bluetoothd: (WPDaemon) [com.apple.bluetooth:WirelessProximity] WPDClient 5DBF6E75-8C44-483F-8891-F5D296BF4733 XPC connection for process sharingd (438) is becoming invalidated
2024-12-30 05:05:54.533295+0800 0xadbe     Default     0x0                  144    0    bluetoothd: (WPDaemon) [com.apple.bluetooth:WirelessProximity] Removing WPDClient 5DBF6E75-8C44-483F-8891-F5D296BF4733 (0x7f974bf2e810) of process sharingd (438)
2024-12-30 05:05:54.533321+0800 0xadbe     Default     0x0                  144    0    bluetoothd: (WPDaemon) [com.apple.bluetooth:WirelessProximity] Removing all scan requests for client 5DBF6E75-8C44-483F-8891-F5D296BF4733
2024-12-30 05:05:54.533324+0800 0xadbe     Default     0x0                  144    0    bluetoothd: (WPDaemon) [com.apple.bluetooth:WirelessProximity] Trying to update scanner but Daemon central manager isn't powered on
2024-12-30 05:05:54.533331+0800 0xadbe     Default     0x0                  144    0    bluetoothd: (WPDaemon) [com.apple.bluetooth:WirelessProximity] Removing all peer tracking requests for client 5DBF6E75-8C44-483F-8891-F5D296BF4733
2024-12-30 05:05:54.533348+0800 0xadbe     Default     0x0                  144    0    bluetoothd: (WPDaemon) [com.apple.bluetooth:WirelessProximity] Trying to update advertiser but peripheral manager isn't powered on
2024-12-30 05:05:54.533355+0800 0xadbe     Default     0x0                  144    0    bluetoothd: (WPDaemon) [com.apple.bluetooth:WirelessProximity] Current spy scan clients: <private>
2024-12-30 05:05:54.533706+0800 0x9afa     Default     0x178a7              144    0    bluetoothd: (SPOwner) [com.apple.icloud.SPOwner:beaconManager]   key: <private> (2024-12-29T21:30:00Z - 2024-12-29T21:45:00Z)
2024-12-30 05:05:54.533791+0800 0x99ae     Default     0x16e83              144    0    bluetoothd: [com.apple.bluetooth:Server.XPC] Received XPC message "CBMsgIdRetrievePairedPeersWithOptions" from session "com.apple.PerfPowerServices-classic-137-15"
2024-12-30 05:05:54.534061+0800 0x99ae     Default     0x16e83              144    0    bluetoothd: [com.apple.bluetooth:Server.XPC] bluetoothd sending sdp data: <private>
2024-12-30 05:05:54.534287+0800 0x99ae     Default     0x0                  144    0    bluetoothd: (CoreUtils) [com.apple.bluetooth:CBDaemonXPCConnection] Invalidate: CBDiscovery, CID 0xD992004D, DsFl 0x40000 < SpatialInteraction >, from nearbyd:394
2024-12-30 05:05:54.534353+0800 0x99ae     Default     0x0                  144    0    bluetoothd: (CoreUtils) [com.apple.bluetooth:CBDaemonXPCConnection] Invalidate: CBSpatialInteractionSession, CID 0xC693001C, CF 0x19 < Initiator NoBLEAdvertise NoBLEScan >, ID <e8d56f>, IRK H<510e55>, TD H<18ba46>, UTF 0x1, from nearbyd:394
2024-12-30 05:05:54.534367+0800 0x2d6      Default     0x0                  144    0    bluetoothd: (CoreUtils) [com.apple.bluetooth:CBDiscovery] Invalidate CID 0xD992004D
2024-12-30 05:05:54.534372+0800 0x2d6      Default     0x0                  144    0    bluetoothd: (CoreUtils) [com.apple.bluetooth:CBDiscovery] Invalidated
2024-12-30 05:05:54.534689+0800 0x2d6      Default     0x0                  144    0    bluetoothd: (CoreUtils) [com.apple.bluetooth:CBSpatial] Invalidate: CBSpatialInteractionSession, CID 0xC693001C, CF 0x19 < Initiator NoBLEAdvertise NoBLEScan >, ID <e8d56f>, IRK H<510e55>, TD H<18ba46>, UTF 0x1
2024-12-30 05:05:54.534710+0800 0x2d6      Default     0x0                  144    0    bluetoothd: (CoreUtils) [com.apple.bluetooth:CBSpatial] Invalidated: CBSpatialInteractionSession, CID 0xC693001C, CF 0x19 < Initiator NoBLEAdvertise NoBLEScan >, ID <e8d56f>, IRK H<510e55>, TD H<18ba46>, UTF 0x1
2024-12-30 05:05:54.534737+0800 0x99ae     Default     0x0                  144    0    bluetoothd: [com.apple.bluetooth:Server.Core] PowerManager power state is 0
2024-12-30 05:05:54.534740+0800 0x99ae     Default     0x0                  144    0    bluetoothd: [com.apple.bluetooth:Server.Core] PowerManager power state is 0
2024-12-30 05:05:54.534741+0800 0x99ae     Default     0x0                  144    0    bluetoothd: [com.apple.bluetooth:Server.Core] PowerManager power state is 0
2024-12-30 05:05:54.534754+0800 0x99ae     Default     0x0                  144    0    bluetoothd: [com.apple.bluetooth:Server.Core] PowerManager power state is 0
